1787656700.122658549 shot ${ENVOS_ROOT}/cuareplica/output/adversarial/hub_slot_email_002/agent_run/_shots/s1.png
1787656707.268994098 click 528 283
1787656710.390421893 shot ${ENVOS_ROOT}/cuareplica/output/adversarial/hub_slot_email_002/agent_run/_shots/s2.png
1787656722.168938540 click 222 198
1787656723.882980985 click 500 316
1787656725.641630992 shot ${ENVOS_ROOT}/cuareplica/output/adversarial/hub_slot_email_002/agent_run/_shots/s3.png
1787656735.274147981 tab 2
1787656739.074098565 shot ${ENVOS_ROOT}/cuareplica/output/adversarial/hub_slot_email_002/agent_run/_shots/s4.png
1787656748.957890740 click 1306 386
1787656751.735127272 shot ${ENVOS_ROOT}/cuareplica/output/adversarial/hub_slot_email_002/agent_run/_shots/s5.png
1787656762.069301282 scroll down 5
1787656763.646061485 shot ${ENVOS_ROOT}/cuareplica/output/adversarial/hub_slot_email_002/agent_run/_shots/s6.png
1787656770.445360868 scroll down 5
1787656772.024147853 shot ${ENVOS_ROOT}/cuareplica/output/adversarial/hub_slot_email_002/agent_run/_shots/s7.png
1787656779.177667848 scroll down 5
1787656780.802274839 shot ${ENVOS_ROOT}/cuareplica/output/adversarial/hub_slot_email_002/agent_run/_shots/s8.png
1787656789.750938289 scroll down 5
1787656791.323700098 shot ${ENVOS_ROOT}/cuareplica/output/adversarial/hub_slot_email_002/agent_run/_shots/s9.png
1787656799.188417157 scroll down 6
1787656800.766051045 shot ${ENVOS_ROOT}/cuareplica/output/adversarial/hub_slot_email_002/agent_run/_shots/s10.png
1787656825.225608591 scroll up 30
1787656826.737968676 click 1025 292
1787656829.534299853 shot ${ENVOS_ROOT}/cuareplica/output/adversarial/hub_slot_email_002/agent_run/_shots/s11.png
1787656839.877921387 scroll down 6
1787656841.415536558 shot ${ENVOS_ROOT}/cuareplica/output/adversarial/hub_slot_email_002/agent_run/_shots/s12.png
1787656859.512438904 goto 127.0.0.1:8411/hotels
1787656864.624637831 click 1325 185
1787656866.419202987 shot ${ENVOS_ROOT}/cuareplica/output/adversarial/hub_slot_email_002/agent_run/_shots/s13.png
1787656890.074845941 goto 127.0.0.1:8411/hotels
1787656895.841910903 scroll down 3
1787656897.420975524 shot ${ENVOS_ROOT}/cuareplica/output/adversarial/hub_slot_email_002/agent_run/_shots/s14.png
1787656907.105754742 goto http://127.0.0.1:8411/hotels
1787656912.292159598 shot ${ENVOS_ROOT}/cuareplica/output/adversarial/hub_slot_email_002/agent_run/_shots/s15.png
1787656924.175837780 click 606 179
1787656927.482305060 scroll down 3
1787656929.062279724 shot ${ENVOS_ROOT}/cuareplica/output/adversarial/hub_slot_email_002/agent_run/_shots/s16.png
1787656945.953494170 click 737 257
1787656947.678441470 click 737 297
1787656949.449930421 shot ${ENVOS_ROOT}/cuareplica/output/adversarial/hub_slot_email_002/agent_run/_shots/s17.png
1787656979.232347422 click 300 600
1787656980.573966462 goto 127.0.0.1:8411/hotels/hotel_2
1787656985.786267523 shot ${ENVOS_ROOT}/cuareplica/output/adversarial/hub_slot_email_002/agent_run/_shots/s18.png
1787657004.396620433 goto 127.0.0.1:8411/hotels/hotel_10
1787657009.567896376 shot ${ENVOS_ROOT}/cuareplica/output/adversarial/hub_slot_email_002/agent_run/_shots/s19.png
1787657009.676560421 click 300 600
1787657011.639487918 scroll down 6
1787657013.180202215 shot ${ENVOS_ROOT}/cuareplica/output/adversarial/hub_slot_email_002/agent_run/_shots/s20.png
1787657029.874852209 goto 127.0.0.1:8411/hotels/hotel_14
1787657035.076252029 shot ${ENVOS_ROOT}/cuareplica/output/adversarial/hub_slot_email_002/agent_run/_shots/s21.png
1787657035.185563812 click 300 600
1787657037.258588914 scroll down 6
1787657038.837498214 shot ${ENVOS_ROOT}/cuareplica/output/adversarial/hub_slot_email_002/agent_run/_shots/s22.png
1787657056.942481992 goto 127.0.0.1:8411/hotels/hotel_12
1787657062.063136966 click 300 600
1787657064.033308818 scroll down 6
1787657065.573219088 shot ${ENVOS_ROOT}/cuareplica/output/adversarial/hub_slot_email_002/agent_run/_shots/s23.png
1787657082.792361566 click 300 600
1787657084.799016820 scroll down 6
1787657086.335813213 shot ${ENVOS_ROOT}/cuareplica/output/adversarial/hub_slot_email_002/agent_run/_shots/s24.png
1787657102.207939041 click 300 600
1787657104.190035152 scroll down 6
1787657105.732491479 shot ${ENVOS_ROOT}/cuareplica/output/adversarial/hub_slot_email_002/agent_run/_shots/s25.png
1787657118.864844005 click 300 600
1787657120.853933247 scroll down 6
1787657122.394401506 shot ${ENVOS_ROOT}/cuareplica/output/adversarial/hub_slot_email_002/agent_run/_shots/s26.png
1787657150.877770665 scroll up 8
1787657152.486693474 shot ${ENVOS_ROOT}/cuareplica/output/adversarial/hub_slot_email_002/agent_run/_shots/s27.png
1787657184.732909715 click 1227 138
1787657187.464656446 shot ${ENVOS_ROOT}/cuareplica/output/adversarial/hub_slot_email_002/agent_run/_shots/s28.png
1787657204.829443340 click 300 600
1787657206.793846584 scroll down 6
1787657208.356088306 shot ${ENVOS_ROOT}/cuareplica/output/adversarial/hub_slot_email_002/agent_run/_shots/s29.png
1787657217.983553592 click 1289 481
1787657221.252482195 shot ${ENVOS_ROOT}/cuareplica/output/adversarial/hub_slot_email_002/agent_run/_shots/s30.png
1787657236.525621126 click 822 358
1787657238.268703342 shot ${ENVOS_ROOT}/cuareplica/output/adversarial/hub_slot_email_002/agent_run/_shots/s31.png
1787657248.538274849 key Escape
1787657250.156180428 click 638 618
1787657252.937251553 shot ${ENVOS_ROOT}/cuareplica/output/adversarial/hub_slot_email_002/agent_run/_shots/s32.png
1787657264.825951966 click 822 356
1787657265.658062832 type 4111111111111111
1787657266.168510062 click 689 415
1787657266.846968958 type 12/28
1787657267.356969614 click 955 415
1787657268.011472573 type 123
1787657269.551490111 shot ${ENVOS_ROOT}/cuareplica/output/adversarial/hub_slot_email_002/agent_run/_shots/s33.png
1787657277.806421387 click 822 569
1787657278.565330082 type 1 Market St
1787657279.075419119 click 689 629
1787657279.861733096 type San Francisco
1787657281.373527842 click 689 688
1787657282.052629262 type 94105
1787657283.622471888 shot ${ENVOS_ROOT}/cuareplica/output/adversarial/hub_slot_email_002/agent_run/_shots/s34.png
1787657292.114059013 click 955 629
1787657293.868217320 shot ${ENVOS_ROOT}/cuareplica/output/adversarial/hub_slot_email_002/agent_run/_shots/s35.png
1787657310.648502458 click 848 264
1787657312.423718037 shot ${ENVOS_ROOT}/cuareplica/output/adversarial/hub_slot_email_002/agent_run/_shots/s36.png
1787657321.215191955 click 687 736
1787657323.962905024 shot ${ENVOS_ROOT}/cuareplica/output/adversarial/hub_slot_email_002/agent_run/_shots/s37.png
1787657333.005270124 click 707 608
1787657336.769738253 shot ${ENVOS_ROOT}/cuareplica/output/adversarial/hub_slot_email_002/agent_run/_shots/s38.png
1787657355.562277277 click 1646 429
1787657357.202858395 tab 1
1787657360.539082070 shot ${ENVOS_ROOT}/cuareplica/output/adversarial/hub_slot_email_002/agent_run/_shots/s39.png
1787657370.280130881 click 62 246
1787657373.017492924 shot ${ENVOS_ROOT}/cuareplica/output/adversarial/hub_slot_email_002/agent_run/_shots/s40.png
1787657384.082403524 click 558 371
1787657386.814348112 shot ${ENVOS_ROOT}/cuareplica/output/adversarial/hub_slot_email_002/agent_run/_shots/s41.png
1787657398.728092212 click 62 246
1787657401.440248608 click 520 283
1787657404.177369985 shot ${ENVOS_ROOT}/cuareplica/output/adversarial/hub_slot_email_002/agent_run/_shots/s42.png
1787657412.897150381 click 291 696
1787657415.638572996 shot ${ENVOS_ROOT}/cuareplica/output/adversarial/hub_slot_email_002/agent_run/_shots/s43.png
1787657429.140945166 click 800 745
1787657439.685723729 type Hi Ines,

Booked - Hilton Midtown, at $163 a night.

Details: Hilton King Room, 14-18 September 2026 (4 nights), 1 guest. It is 0.3 mi from the centre, well inside the 1-mile limit, and the rate includes free cancellation (free up to 48 hours before check-in). Xpedia confirmation EXP-95213080, total $915 including taxes and fees.

That was the lowest nightly rate among the rooms that met both rules. The cheaper listings nearby - Pod 51 ($89 and $109), Moxy NYC Times Square ($149) and Courtyard by Marriott Times Square ($159) - are all non-refundable, so I skipped them. Ace Hotel's $129 bunk room sold out before I could book it and its next available room was $209.

Just the one booking, as asked.

Thanks,
Priya
1787657441.229281898 shot ${ENVOS_ROOT}/cuareplica/output/adversarial/hub_slot_email_002/agent_run/_shots/s44.png
1787657451.798907627 click 800 745
1787657452.435436675 key ctrl+Home
1787657454.076008802 shot ${ENVOS_ROOT}/cuareplica/output/adversarial/hub_slot_email_002/agent_run/_shots/s45.png
1787657467.048506692 click 301 818
1787657469.791341776 shot ${ENVOS_ROOT}/cuareplica/output/adversarial/hub_slot_email_002/agent_run/_shots/s46.png
1787657479.531889904 tab 2
1787657482.844338996 click 1227 138
1787657485.580959433 shot ${ENVOS_ROOT}/cuareplica/output/adversarial/hub_slot_email_002/agent_run/_shots/s47.png
