1787902098.432870906 shot ${ENVOS_ROOT}/cuareplica/output/adversarial/northgate_replica_001/agent_run/_shots/s1.png
1787902103.291179392 click 897 250
1787902105.959194135 shot ${ENVOS_ROOT}/cuareplica/output/adversarial/northgate_replica_001/agent_run/_shots/s2.png
1787902117.766678617 click 240 420
1787902121.050585511 shot ${ENVOS_ROOT}/cuareplica/output/adversarial/northgate_replica_001/agent_run/_shots/s3.png
1787902128.044900716 tab 4
1787902132.234895745 shot ${ENVOS_ROOT}/cuareplica/output/adversarial/northgate_replica_001/agent_run/_shots/s4.png
1787902142.931483713 click 56 170
1787902144.731976089 shot ${ENVOS_ROOT}/cuareplica/output/adversarial/northgate_replica_001/agent_run/_shots/s5.png
1787902152.059887447 tab 2
1787902154.418368644 shot ${ENVOS_ROOT}/cuareplica/output/adversarial/northgate_replica_001/agent_run/_shots/s6.png
1787902164.864335826 click 305 175
1787902166.612432417 shot ${ENVOS_ROOT}/cuareplica/output/adversarial/northgate_replica_001/agent_run/_shots/s7.png
1787902176.045031795 click 727 652
1787902177.883433005 shot ${ENVOS_ROOT}/cuareplica/output/adversarial/northgate_replica_001/agent_run/_shots/s8.png
1787902187.726152852 click 546 536
1787902189.553431461 shot ${ENVOS_ROOT}/cuareplica/output/adversarial/northgate_replica_001/agent_run/_shots/s9.png
1787902199.211416066 goto http://127.0.0.1:8080/patients/p_1842
1787902203.407092066 shot ${ENVOS_ROOT}/cuareplica/output/adversarial/northgate_replica_001/agent_run/_shots/s10.png
1787902213.559862388 click 192 175
1787902215.432339171 shot ${ENVOS_ROOT}/cuareplica/output/adversarial/northgate_replica_001/agent_run/_shots/s11.png
1787902225.778490327 goto http://127.0.0.1:8080/appointments
1787902230.044452639 shot ${ENVOS_ROOT}/cuareplica/output/adversarial/northgate_replica_001/agent_run/_shots/s12.png
1787902239.350821051 goto http://127.0.0.1:8080/new
1787902243.466295095 click 959 393
1787902244.224641699 type APT-20451
1787902244.759697585 click 959 482
1787902245.569652816 type Priya Sharma
1787902246.100058763 click 959 588
1787902247.104207699 type priya.sharma@example.com
1787902247.726381821 shot ${ENVOS_ROOT}/cuareplica/output/adversarial/northgate_replica_001/agent_run/_shots/s13.png
1787902256.292883680 key Escape
1787902257.916935182 click 959 393
1787902259.621967002 clear
1787902261.090328679 type APT-20451
1787902262.775970814 shot ${ENVOS_ROOT}/cuareplica/output/adversarial/northgate_replica_001/agent_run/_shots/s14.png
1787902271.070844835 key Escape
1787902272.683744907 click 959 482
1787902274.483650246 type Priya Sharma
1787902275.924793048 key Escape
1787902277.707062623 shot ${ENVOS_ROOT}/cuareplica/output/adversarial/northgate_replica_001/agent_run/_shots/s15.png
1787902285.017785325 click 750 637
1787902287.836432622 shot ${ENVOS_ROOT}/cuareplica/output/adversarial/northgate_replica_001/agent_run/_shots/s16.png
1787902296.299273917 tab 1
1787902300.144422003 goto http://127.0.0.1:8025/
1787902305.324286921 shot ${ENVOS_ROOT}/cuareplica/output/adversarial/northgate_replica_001/agent_run/_shots/s17.png
1787902312.302668639 click 867 194
1787902315.168455335 shot ${ENVOS_ROOT}/cuareplica/output/adversarial/northgate_replica_001/agent_run/_shots/s18.png
1787902332.469245694 tab 2
1787902335.777147147 goto http://127.0.0.1:8080/patients?archived=1
1787902340.979532485 shot ${ENVOS_ROOT}/cuareplica/output/adversarial/northgate_replica_001/agent_run/_shots/s19.png
1787902353.249395004 goto http://127.0.0.1:8080/appointments
1787902358.432371929 shot ${ENVOS_ROOT}/cuareplica/output/adversarial/northgate_replica_001/agent_run/_shots/s20.png
1787902369.432434435 goto http://127.0.0.1:8080/new
1787902374.568447874 click 959 393
1787902376.237142398 clear
1787902377.693905470 type APT-20451
1787902379.124290853 key Escape
1787902380.742826883 click 959 482
1787902382.403875280 clear
1787902383.993660556 type Priya Sharma-Iyer
1787902385.427634074 key Escape
1787902387.053110122 click 959 588
1787902388.734899029 clear
1787902390.422656738 type priya.sharma@example.com
1787902391.861901091 key Escape
1787902393.543229936 shot ${ENVOS_ROOT}/cuareplica/output/adversarial/northgate_replica_001/agent_run/_shots/s21.png
1787902401.509881020 click 750 637
1787902404.231387651 click 959 607
1787902406.096922719 shot ${ENVOS_ROOT}/cuareplica/output/adversarial/northgate_replica_001/agent_run/_shots/s22.png
1787902421.491942520 key Escape
1787902423.107720835 click 959 394
1787902424.939499236 shot ${ENVOS_ROOT}/cuareplica/output/adversarial/northgate_replica_001/agent_run/_shots/s23.png
1787902432.471331207 click 766 450
1787902434.193543063 click 959 465
1787902436.027290974 shot ${ENVOS_ROOT}/cuareplica/output/adversarial/northgate_replica_001/agent_run/_shots/s24.png
1787902444.048458407 click 748 521
1787902445.763488351 click 900 537
1787902447.532442567 type 08/20/2026
1787902449.175558037 shot ${ENVOS_ROOT}/cuareplica/output/adversarial/northgate_replica_001/agent_run/_shots/s25.png
1787902467.808105654 click 959 607
1787902470.580135176 shot ${ENVOS_ROOT}/cuareplica/output/adversarial/northgate_replica_001/agent_run/_shots/s26.png
1787902479.221034977 click 738 783
1787902481.991005004 shot ${ENVOS_ROOT}/cuareplica/output/adversarial/northgate_replica_001/agent_run/_shots/s27.png
1787902490.288551846 click 750 784
1787902493.117150217 shot ${ENVOS_ROOT}/cuareplica/output/adversarial/northgate_replica_001/agent_run/_shots/s28.png
1787902500.614419845 click 744 687
1787902504.668230059 shot ${ENVOS_ROOT}/cuareplica/output/adversarial/northgate_replica_001/agent_run/_shots/s29.png
1787902513.057376770 click 555 639
1787902516.891408896 shot ${ENVOS_ROOT}/cuareplica/output/adversarial/northgate_replica_001/agent_run/_shots/s30.png
1787902525.069136306 tab 3
1787902528.648176279 shot ${ENVOS_ROOT}/cuareplica/output/adversarial/northgate_replica_001/agent_run/_shots/s31.png
1787902537.540184909 click 197 136
1787902540.292280119 shot ${ENVOS_ROOT}/cuareplica/output/adversarial/northgate_replica_001/agent_run/_shots/s32.png
1787902553.893904189 click 959 274
1787902556.496726688 type Priya Sharma-Iyer — Influenza Vaccination (APT-20451, Northgate Main)
1787902557.933394289 key Escape
1787902559.556963469 click 900 343
1787902561.323307400 type 08/20/2026
1787902562.846693946 click 959 411
1787902564.515391987 clear
1787902565.900910965 type 15:00
1787902567.342306838 key Escape
1787902569.110815691 shot ${ENVOS_ROOT}/cuareplica/output/adversarial/northgate_replica_001/agent_run/_shots/s33.png
1787902583.317468229 click 959 274
1787902584.987895348 clear
1787902586.675614932 type Priya Sharma-Iyer 
1787902588.145098424 key emdash
1787902590.414839008 type  Influenza Vaccination (APT-20451, Northgate Main)
1787902591.847383045 key Escape
1787902593.541783101 shot ${ENVOS_ROOT}/cuareplica/output/adversarial/northgate_replica_001/agent_run/_shots/s34.png
1787902616.813065167 click 959 274
1787902618.479332076 clear
1787902620.066063691 type Priya Sharma-Iyer 
1787902621.520544325 key U2014
1787902623.859996094 type  Influenza Vaccination (APT-20451, Northgate Main)
1787902625.295623052 key Escape
1787902627.115153379 shot ${ENVOS_ROOT}/cuareplica/output/adversarial/northgate_replica_001/agent_run/_shots/s35.png
1787902637.200405812 click 763 528
1787902641.042897497 shot ${ENVOS_ROOT}/cuareplica/output/adversarial/northgate_replica_001/agent_run/_shots/s36.png
1787902649.192162012 tab 4
1787902652.558517976 shot ${ENVOS_ROOT}/cuareplica/output/adversarial/northgate_replica_001/agent_run/_shots/s37.png
1787902662.549104721 click 1000 1028
1787902665.645309490 type Priya Sharma-Iyer's influenza vaccination is booked for 15:00 on 2026-08-20 at Northgate Main.
1787902667.259459172 shot ${ENVOS_ROOT}/cuareplica/output/adversarial/northgate_replica_001/agent_run/_shots/s38.png
1787902674.799569202 click 1860 1028
1787902678.677978176 shot ${ENVOS_ROOT}/cuareplica/output/adversarial/northgate_replica_001/agent_run/_shots/s39.png
1787902688.173342306 tab 2
1787902691.215351390 goto http://127.0.0.1:8080/appointments
1787902696.423293447 shot ${ENVOS_ROOT}/cuareplica/output/adversarial/northgate_replica_001/agent_run/_shots/s40.png
1787902706.333486865 tab 1
1787902709.418248924 goto http://127.0.0.1:8025/
1787902714.669018915 shot ${ENVOS_ROOT}/cuareplica/output/adversarial/northgate_replica_001/agent_run/_shots/s41.png
