1787903404.053588813 shot ${ENVOS_ROOT}/cuareplica/output/adversarial/northgate_replica_001/agent_run/_shots/s1.png
1787903408.961269074 click 897 249
1787903411.809645485 shot ${ENVOS_ROOT}/cuareplica/output/adversarial/northgate_replica_001/agent_run/_shots/s2.png
1787903429.443443562 click 232 283
1787903432.923865752 shot ${ENVOS_ROOT}/cuareplica/output/adversarial/northgate_replica_001/agent_run/_shots/s3.png
1787903440.572590557 click 224 444
1787903443.859897211 shot ${ENVOS_ROOT}/cuareplica/output/adversarial/northgate_replica_001/agent_run/_shots/s4.png
1787903452.354614170 tab 4
1787903456.569516722 shot ${ENVOS_ROOT}/cuareplica/output/adversarial/northgate_replica_001/agent_run/_shots/s5.png
1787903466.176832150 tab 2
1787903471.039774241 shot ${ENVOS_ROOT}/cuareplica/output/adversarial/northgate_replica_001/agent_run/_shots/s6.png
1787903480.318257792 click 304 175
1787903483.774332249 shot ${ENVOS_ROOT}/cuareplica/output/adversarial/northgate_replica_001/agent_run/_shots/s7.png
1787903494.373664643 click 727 652
1787903497.607266127 shot ${ENVOS_ROOT}/cuareplica/output/adversarial/northgate_replica_001/agent_run/_shots/s8.png
1787903508.553649832 click 546 536
1787903512.172192611 shot ${ENVOS_ROOT}/cuareplica/output/adversarial/northgate_replica_001/agent_run/_shots/s9.png
1787903524.660920479 click 192 175
1787903528.699128746 shot ${ENVOS_ROOT}/cuareplica/output/adversarial/northgate_replica_001/agent_run/_shots/s10.png
1787903540.042682870 click 959 393
1787903540.815613236 type APT-20451
1787903541.333919069 click 959 482
1787903542.114522610 type Priya Sharma
1787903542.629555381 click 959 588
1787903543.578247385 type priya.sharma@example.com
1787903544.132782244 shot ${ENVOS_ROOT}/cuareplica/output/adversarial/northgate_replica_001/agent_run/_shots/s11.png
1787903554.212121947 key Escape
1787903554.803053154 clear
1787903558.778411562 key Escape
1787903559.337134065 clear
1787903559.801152536 shot ${ENVOS_ROOT}/cuareplica/output/adversarial/northgate_replica_001/agent_run/_shots/s12.png
1787903566.132178230 click 959 393
1787903569.229597326 clear
1787903572.462688809 type APT-20451
1787903575.755966175 click 959 482
1787903579.005842239 type Priya Sharma
1787903582.177860203 click 959 588
1787903585.608182439 type priya.sharma@example.com
1787903589.095889887 key Escape
1787903589.753134414 shot ${ENVOS_ROOT}/cuareplica/output/adversarial/northgate_replica_001/agent_run/_shots/s13.png
1787903601.904262587 click 959 393
1787903605.698915074 shot ${ENVOS_ROOT}/cuareplica/output/adversarial/northgate_replica_001/agent_run/_shots/s14.png
1787903624.852964294 clear
1787903629.289836191 type APT-20451
1787903632.269717433 key Tab
1787903640.052147343 type Priya Sharma
1787903646.000104795 shot ${ENVOS_ROOT}/cuareplica/output/adversarial/northgate_replica_001/agent_run/_shots/s15.png
1787903653.375477329 click 750 637
1787903656.944927480 shot ${ENVOS_ROOT}/cuareplica/output/adversarial/northgate_replica_001/agent_run/_shots/s16.png
1787903664.693893315 click 959 394
1787903668.274451938 shot ${ENVOS_ROOT}/cuareplica/output/adversarial/northgate_replica_001/agent_run/_shots/s17.png
1787903680.975623699 click 766 450
1787903684.530948859 click 959 465
1787903688.622307615 shot ${ENVOS_ROOT}/cuareplica/output/adversarial/northgate_replica_001/agent_run/_shots/s18.png
1787903696.438781877 click 748 521
1787903699.863481120 click 800 537
1787903703.605074179 type 08/20/2026
1787903706.572350184 shot ${ENVOS_ROOT}/cuareplica/output/adversarial/northgate_replica_001/agent_run/_shots/s19.png
1787903713.926115640 click 727 537
1787903717.413375317 type 08202026
1787903720.661596139 shot ${ENVOS_ROOT}/cuareplica/output/adversarial/northgate_replica_001/agent_run/_shots/s20.png
1787903731.071304653 click 959 607
1787903735.210661242 shot ${ENVOS_ROOT}/cuareplica/output/adversarial/northgate_replica_001/agent_run/_shots/s21.png
1787903746.696118338 scroll down 3
1787903751.098430513 shot ${ENVOS_ROOT}/cuareplica/output/adversarial/northgate_replica_001/agent_run/_shots/s22.png
1787903766.862552971 tab 1
1787903771.724092251 goto http://127.0.0.1:8025/
1787903775.391953251 shot ${ENVOS_ROOT}/cuareplica/output/adversarial/northgate_replica_001/agent_run/_shots/s23.png
1787903783.234295025 click 867 194
1787903788.646933683 shot ${ENVOS_ROOT}/cuareplica/output/adversarial/northgate_replica_001/agent_run/_shots/s24.png
1787903804.610793548 tab 3
1787903809.892902932 shot ${ENVOS_ROOT}/cuareplica/output/adversarial/northgate_replica_001/agent_run/_shots/s25.png
1787903821.931083541 click 994 519
1787903825.563110494 shot ${ENVOS_ROOT}/cuareplica/output/adversarial/northgate_replica_001/agent_run/_shots/s26.png
1787903834.264724671 tab 2
1787903838.182186589 shot ${ENVOS_ROOT}/cuareplica/output/adversarial/northgate_replica_001/agent_run/_shots/s27.png
1787903852.709088794 goto http://127.0.0.1:8080/patients?archived=1
1787903855.937964214 shot ${ENVOS_ROOT}/cuareplica/output/adversarial/northgate_replica_001/agent_run/_shots/s28.png
1787903866.496558153 goto http://127.0.0.1:8080/patients/p_1842
1787903869.714831663 shot ${ENVOS_ROOT}/cuareplica/output/adversarial/northgate_replica_001/agent_run/_shots/s29.png
1787903894.311522896 goto http://127.0.0.1:8080/appointments
1787903897.560721136 shot ${ENVOS_ROOT}/cuareplica/output/adversarial/northgate_replica_001/agent_run/_shots/s30.png
1787903911.381664833 goto http://127.0.0.1:8080/new
1787903914.702674083 shot ${ENVOS_ROOT}/cuareplica/output/adversarial/northgate_replica_001/agent_run/_shots/s31.png
1787903924.472735726 click 959 482
1787903928.295789499 clear
1787903931.670668970 type Priya Sharma-Iyer
1787903935.428755927 key Escape
1787903937.060647806 shot ${ENVOS_ROOT}/cuareplica/output/adversarial/northgate_replica_001/agent_run/_shots/s32.png
1787903961.726440794 click 750 637
1787903970.927234000 shot ${ENVOS_ROOT}/cuareplica/output/adversarial/northgate_replica_001/agent_run/_shots/s33.png
1787903986.979562626 shot ${ENVOS_ROOT}/cuareplica/output/adversarial/northgate_replica_001/agent_run/_shots/s34.png
1787903995.997880263 click 959 394
1787903999.286015153 click 766 450
1787904002.549396204 click 959 465
1787904006.059879992 click 748 521
1787904009.958769104 click 727 537
1787904034.883037661 type 08202026
1787904038.842686309 shot ${ENVOS_ROOT}/cuareplica/output/adversarial/northgate_replica_001/agent_run/_shots/s35.png
1787904049.770262913 click 959 607
1787904053.630202873 shot ${ENVOS_ROOT}/cuareplica/output/adversarial/northgate_replica_001/agent_run/_shots/s36.png
1787904062.529216425 click 738 783
1787904066.535690761 shot ${ENVOS_ROOT}/cuareplica/output/adversarial/northgate_replica_001/agent_run/_shots/s37.png
1787904075.780457096 click 750 784
1787904079.887755368 shot ${ENVOS_ROOT}/cuareplica/output/adversarial/northgate_replica_001/agent_run/_shots/s38.png
1787904088.781754284 click 744 687
1787904092.612504123 shot ${ENVOS_ROOT}/cuareplica/output/adversarial/northgate_replica_001/agent_run/_shots/s39.png
1787904105.519700955 click 555 639
1787904109.002646252 shot ${ENVOS_ROOT}/cuareplica/output/adversarial/northgate_replica_001/agent_run/_shots/s40.png
1787904119.364875084 tab 3
1787904124.270911445 click 197 135
1787904128.321210842 shot ${ENVOS_ROOT}/cuareplica/output/adversarial/northgate_replica_001/agent_run/_shots/s41.png
1787904138.264890497 click 959 274
1787904143.785663160 type Priya Sharma-Iyer — Influenza Vaccination (APT-20451, Northgate Main)
1787904147.485697700 shot ${ENVOS_ROOT}/cuareplica/output/adversarial/northgate_replica_001/agent_run/_shots/s42.png
1787904161.205527486 clear
1787904165.171515076 type Priya Sharma-Iyer 
1787904168.806421275 key emdash
1787904172.683675708 shot ${ENVOS_ROOT}/cuareplica/output/adversarial/northgate_replica_001/agent_run/_shots/s43.png
1787904183.224692005 type  Influenza Vaccination (APT-20451, Northgate Main)
1787904188.479101414 click 745 343
1787904192.576116260 type 08202026
1787904196.062393559 click 959 410
