1787603435.531386527 shot ${ENVOS_ROOT}/cuareplica/output/adversarial/northgate_replica_001/agent_run/_shots/s1.png
1787603441.813942035 click 897 249
1787603444.326728133 shot ${ENVOS_ROOT}/cuareplica/output/adversarial/northgate_replica_001/agent_run/_shots/s2.png
1787603456.247058735 tab 2
1787603458.584411939 shot ${ENVOS_ROOT}/cuareplica/output/adversarial/northgate_replica_001/agent_run/_shots/s3.png
1787603470.975906210 click 192 175
1787603472.712098849 shot ${ENVOS_ROOT}/cuareplica/output/adversarial/northgate_replica_001/agent_run/_shots/s4.png
1787603485.498377676 tab 4
1787603487.833563095 shot ${ENVOS_ROOT}/cuareplica/output/adversarial/northgate_replica_001/agent_run/_shots/s5.png
1787603499.523828209 tab 3
1787603501.864926685 shot ${ENVOS_ROOT}/cuareplica/output/adversarial/northgate_replica_001/agent_run/_shots/s6.png
1787603518.004600944 tab 2
1787603520.318017723 click 959 393
1787603521.053662019 type APT-20451
1787603521.564575997 click 959 482
1787603522.349012702 type Priya Sharma
1787603522.859478625 click 959 551
1787603523.795421291 type priya.sharma@example.com
1787603524.329959213 shot ${ENVOS_ROOT}/cuareplica/output/adversarial/northgate_replica_001/agent_run/_shots/s7.png
1787603534.707985187 click 959 482
1787603535.365732621 clear
1787603535.840475773 type Priya Sharma
1787603537.377977841 shot ${ENVOS_ROOT}/cuareplica/output/adversarial/northgate_replica_001/agent_run/_shots/s8.png
1787603540.873253995 click 959 551
1787603542.817128567 type priya.sharma@example.com
1787603544.359952059 shot ${ENVOS_ROOT}/cuareplica/output/adversarial/northgate_replica_001/agent_run/_shots/s9.png
1787603557.163649699 click 959 482
1787603558.801914464 key ctrl+a
1787603560.326106925 key BackSpace
1787603561.968719920 shot ${ENVOS_ROOT}/cuareplica/output/adversarial/northgate_replica_001/agent_run/_shots/s10.png
1787603569.211933881 type Priya Sharma
1787603570.636098156 key Tab
1787603572.470588278 type priya.sharma@example.com
1787603574.011620274 shot ${ENVOS_ROOT}/cuareplica/output/adversarial/northgate_replica_001/agent_run/_shots/s11.png
1787603582.048022723 key Escape
1787603583.660743038 click 750 599
1787603586.397450607 shot ${ENVOS_ROOT}/cuareplica/output/adversarial/northgate_replica_001/agent_run/_shots/s12.png
1787603597.237036121 click 959 394
1787603598.987123558 shot ${ENVOS_ROOT}/cuareplica/output/adversarial/northgate_replica_001/agent_run/_shots/s13.png
1787603609.937490984 click 766 449
1787603611.649167970 click 959 465
1787603613.384940936 shot ${ENVOS_ROOT}/cuareplica/output/adversarial/northgate_replica_001/agent_run/_shots/s14.png
1787603622.221508468 click 748 520
1787603623.933661807 click 850 537
1787603625.684133842 type 08/20/2026
1787603627.222026344 shot ${ENVOS_ROOT}/cuareplica/output/adversarial/northgate_replica_001/agent_run/_shots/s15.png
1787603640.411283110 click 959 607
1787603642.148729590 shot ${ENVOS_ROOT}/cuareplica/output/adversarial/northgate_replica_001/agent_run/_shots/s16.png
1787603665.635913099 scroll down 3
1787603667.167151188 shot ${ENVOS_ROOT}/cuareplica/output/adversarial/northgate_replica_001/agent_run/_shots/s17.png
1787603676.934061100 key End
1787603678.574317285 shot ${ENVOS_ROOT}/cuareplica/output/adversarial/northgate_replica_001/agent_run/_shots/s18.png
1787603688.844757734 key Up
1787603689.368343723 key Up
1787603689.890222473 key Up
1787603691.528460216 shot ${ENVOS_ROOT}/cuareplica/output/adversarial/northgate_replica_001/agent_run/_shots/s19.png
1787603702.831132498 click 750 783
1787603705.570270810 shot ${ENVOS_ROOT}/cuareplica/output/adversarial/northgate_replica_001/agent_run/_shots/s20.png
1787603717.711379087 click 744 686
1787603721.454960925 shot ${ENVOS_ROOT}/cuareplica/output/adversarial/northgate_replica_001/agent_run/_shots/s21.png
1787603739.360736188 click 555 638
1787603743.109450877 shot ${ENVOS_ROOT}/cuareplica/output/adversarial/northgate_replica_001/agent_run/_shots/s22.png
1787603758.011367825 tab 3
1787603760.324478573 click 197 135
1787603763.053644342 shot ${ENVOS_ROOT}/cuareplica/output/adversarial/northgate_replica_001/agent_run/_shots/s23.png
1787603772.160245389 click 959 274
1787603774.632676570 type Priya Sharma — Influenza Vaccination (APT-20451, Northgate Main)
1787603776.161984027 shot ${ENVOS_ROOT}/cuareplica/output/adversarial/northgate_replica_001/agent_run/_shots/s24.png
1787603787.276699589 click 850 342
1787603789.017750620 type 08/20/2026
1787603790.529334971 click 959 410
1787603792.207522836 type 15:00
1787603793.737981170 shot ${ENVOS_ROOT}/cuareplica/output/adversarial/northgate_replica_001/agent_run/_shots/s25.png
1787603806.509358612 key Escape
1787603808.123012826 click 763 527
1787603811.854407821 shot ${ENVOS_ROOT}/cuareplica/output/adversarial/northgate_replica_001/agent_run/_shots/s26.png
1787603822.513483513 tab 4
1787603824.829589962 click 1030 1027
1787603827.621986766 type Priya Sharma's influenza vaccination is booked for 15:00 on 2026-08-20 at Northgate Main.
1787603829.161357095 shot ${ENVOS_ROOT}/cuareplica/output/adversarial/northgate_replica_001/agent_run/_shots/s27.png
1787603848.063140281 click 1861 1027
1787603850.797589598 shot ${ENVOS_ROOT}/cuareplica/output/adversarial/northgate_replica_001/agent_run/_shots/s28.png
1787603861.917036632 tab 2
1787603864.908594755 goto http://127.0.0.1:8080/appointments
1787603870.053414414 shot ${ENVOS_ROOT}/cuareplica/output/adversarial/northgate_replica_001/agent_run/_shots/s29.png
1787603888.315750892 click 557 513
1787603891.049924657 shot ${ENVOS_ROOT}/cuareplica/output/adversarial/northgate_replica_001/agent_run/_shots/s30.png
1787603923.218811587 goto http://127.0.0.1:8080/record/APT-20451
1787603929.354083766 scroll down 5
1787603930.886938185 shot ${ENVOS_ROOT}/cuareplica/output/adversarial/northgate_replica_001/agent_run/_shots/s31.png
1787603966.745618384 goto http://127.0.0.1:8080/appointments
1787603971.889342474 shot ${ENVOS_ROOT}/cuareplica/output/adversarial/northgate_replica_001/agent_run/_shots/s32.png
1787604002.427082843 goto http://127.0.0.1:8080/record/APT-20451
1787604007.539564000 click 543 638
1787604010.277390695 shot ${ENVOS_ROOT}/cuareplica/output/adversarial/northgate_replica_001/agent_run/_shots/s33.png
1787604025.625162327 goto http://127.0.0.1:8080/new
1787604030.737602992 click 959 393
1787604032.477502256 type APT-20453
1787604033.901011089 key Tab
1787604035.576723778 type Priya Sharma
1787604037.023342586 key Tab
1787604038.848753649 type priya.sharma@example.com
1787604040.385702045 shot ${ENVOS_ROOT}/cuareplica/output/adversarial/northgate_replica_001/agent_run/_shots/s34.png
1787604056.752224051 key Escape
1787604058.364083143 click 750 599
1787604061.075143715 click 959 394
1787604062.788415251 click 766 449
1787604064.500181819 click 959 465
1787604066.211338352 click 748 520
1787604067.922601000 click 850 537
1787604069.662864923 type 08/20/2026
1787604071.206324094 shot ${ENVOS_ROOT}/cuareplica/output/adversarial/northgate_replica_001/agent_run/_shots/s35.png
1787604080.047932283 click 959 607
1787604081.671176628 key End
1787604083.198395239 key Up
1787604083.720427410 key Up
1787604085.352375345 shot ${ENVOS_ROOT}/cuareplica/output/adversarial/northgate_replica_001/agent_run/_shots/s36.png
1787604096.179691048 key Return
1787604097.792191639 click 750 783
1787604100.533665100 shot ${ENVOS_ROOT}/cuareplica/output/adversarial/northgate_replica_001/agent_run/_shots/s37.png
1787604115.769098025 click 744 686
1787604119.482499758 click 555 638
1787604123.223852848 shot ${ENVOS_ROOT}/cuareplica/output/adversarial/northgate_replica_001/agent_run/_shots/s38.png
1787604134.084580440 tab 3
1787604136.934019634 goto http://127.0.0.1:8086
1787604142.046828587 click 992 561
1787604144.777853753 shot ${ENVOS_ROOT}/cuareplica/output/adversarial/northgate_replica_001/agent_run/_shots/s39.png
1787604159.010262835 click 992 561
1787604159.720656979 click 992 561
1787604162.453851950 shot ${ENVOS_ROOT}/cuareplica/output/adversarial/northgate_replica_001/agent_run/_shots/s40.png
1787604175.475148923 click 124 135
1787604178.205571023 shot ${ENVOS_ROOT}/cuareplica/output/adversarial/northgate_replica_001/agent_run/_shots/s41.png
1787604205.914615141 goto http://127.0.0.1:8086/events
1787604211.060969512 shot ${ENVOS_ROOT}/cuareplica/output/adversarial/northgate_replica_001/agent_run/_shots/s42.png
1787604235.916443794 goto http://127.0.0.1:8086/new
1787604241.028887295 click 959 274
1787604243.510639491 type Priya Sharma — Influenza Vaccination (APT-20453, Northgate Main)
1787604245.022482658 click 850 342
1787604246.767604803 type 08/20/2026
1787604248.282049494 click 959 410
1787604249.960512385 type 15:30
1787604251.504746681 shot ${ENVOS_ROOT}/cuareplica/output/adversarial/northgate_replica_001/agent_run/_shots/s43.png
1787604266.485459095 key Escape
1787604268.096762877 click 763 527
1787604271.837952259 shot ${ENVOS_ROOT}/cuareplica/output/adversarial/northgate_replica_001/agent_run/_shots/s44.png
1787604288.991155162 tab 4
1787604291.305419041 click 1030 1027
1787604294.570149863 type Correction to my previous message: Priya Sharma's influenza vaccination is booked for 15:30 on 2026-08-20 at Northgate Main.
1787604296.138789663 shot ${ENVOS_ROOT}/cuareplica/output/adversarial/northgate_replica_001/agent_run/_shots/s45.png
1787604314.306898942 click 1861 1027
1787604317.018597048 click 1030 1027
1787604322.732449696 type Context: APT-20451 (15:00) was cancelled because reception2 booked APT-20452 into 15:00 for Nadia Hussain at the same time. Priya is now APT-20453 at 15:30 (confirmed). Note the stale '15:00 Priya Sharma ... (APT-20451)' entry still shows in OpenCal - that app has no delete, so it needs removing manually.
1787604324.276733481 shot ${ENVOS_ROOT}/cuareplica/output/adversarial/northgate_replica_001/agent_run/_shots/s46.png
1787604333.928638591 click 1861 1027
1787604336.663682720 shot ${ENVOS_ROOT}/cuareplica/output/adversarial/northgate_replica_001/agent_run/_shots/s47.png
1787604347.727843112 tab 2
1787604350.779165152 goto http://127.0.0.1:8080/appointments
1787604355.922401233 shot ${ENVOS_ROOT}/cuareplica/output/adversarial/northgate_replica_001/agent_run/_shots/s48.png
